// Jest Snapshot v1, https://goo.gl/fbAQLP

exports[`one`] = `"<div><h1 align=\\"center\\">Item Creation</h1><hr class=\\"new\\"></div>&#x2003;&#x2003; <b>Task Type :</b>&#x2003;<select id=\\"dropdown\\"><option>Select Task Type</option><option value=\\"1\\">Multiple Choice - Keyed</option><option value=\\"2\\">True/False</option><option value=\\"3\\">Multiple Choice - Scaled</option><option value=\\"4\\">Multiple Choice - Multiple Selection</option><option value=\\"5\\">Multi-Part</option></select>&#x2003;&#x2003;&#x2003;&#x2003;&#x2003;&#x2003;<b>Task Sub-Type :</b>&#x2003;<select id=\\"dropdown\\" disabled><option>Select Task Sub-Type</option><option value></option><option value></option><option value></option><option value></option><option value></option></select><hr><style>.tab {position:absolute;left:750px; } </style><style>.new {border: 2px solid green; } </style>"`;
